[2026/04/24 13:46:34] ========================================
[2026/04/24 13:46:34] NPI Dashboard 自动更新检查
[2026/04/24 13:46:34] Excel 修改时间: 2026/04/24 10:48:51
[2026/04/24 13:46:34] 首次运行，将执行构建。
[2026/04/24 13:46:34] 检测到 Excel 有更新！开始构建...
[2026/04/24 13:46:34] 正在构建 Dashboard...
[2026/04/24 13:46:34] 构建成功: 完成！双击打开 HTML 即可查看 Dashboard。
[2026/04/24 13:46:34] 正在提交并推送到 GitHub...
[2026/04/24 13:46:37] 推送成功！GitHub Pages 将自动更新。
[2026/04/24 13:46:37] 全部完成！
[2026/04/24 13:46:37] 已记录 Excel 修改时间: 2026/04/24 10:48:51
[2026/04/24 13:46:44] ========================================
[2026/04/24 13:46:44] NPI Dashboard 自动更新检查
[2026/04/24 13:46:44] Excel 修改时间: 2026/04/24 10:48:51
[2026/04/24 13:46:44] 上次构建时的 Excel 时间: 2026/04/24 10:48:51
[2026/04/24 13:46:44] Excel 未更新，无需重新构建。
[2026/04/24 18:00:00] ========================================
[2026/04/24 18:00:00] NPI Dashboard 自动更新检查
[2026/04/24 18:00:00] Excel 修改时间: 2026/04/24 16:44:26
[2026/04/24 18:00:00] 上次构建时的 Excel 时间: 2026/04/24 10:48:51
[2026/04/24 18:00:00] 检测到 Excel 有更新！开始构建...
[2026/04/24 18:00:00] 正在构建 Dashboard...
[2026/04/24 18:00:01] 构建成功: 完成！双击打开 HTML 即可查看 Dashboard。
[2026/04/24 18:00:01] 正在提交并推送到 GitHub...
[2026/04/24 18:00:04] 推送成功！GitHub Pages 将自动更新。
[2026/04/24 18:00:05] 微信通知发送成功！
[2026/04/24 18:00:05] 已记录 Excel 修改时间: 2026/04/24 16:44:26
[2026/04/25 09:00:01] ========================================
[2026/04/25 09:00:01] NPI Dashboard 自动更新检查
[2026/04/25 09:00:01] Excel 修改时间: 2026/04/24 16:44:26
[2026/04/25 09:00:01] 上次构建时的 Excel 时间: 2026/04/24 16:44:26
[2026/04/25 09:00:01] Excel 未更新，无需重新构建。
[2026/04/25 18:00:01] ========================================
[2026/04/25 18:00:01] NPI Dashboard 自动更新检查
[2026/04/25 18:00:01] Excel 修改时间: 2026/04/24 16:44:26
[2026/04/25 18:00:01] 上次构建时的 Excel 时间: 2026/04/24 16:44:26
[2026/04/25 18:00:01] Excel 未更新，无需重新构建。
[2026/04/26 09:00:01] ========================================
[2026/04/26 09:00:01] NPI Dashboard 自动更新检查
[2026/04/26 09:00:01] Excel 修改时间: 2026/04/24 16:44:26
[2026/04/26 09:00:01] 上次构建时的 Excel 时间: 2026/04/24 16:44:26
[2026/04/26 09:00:01] Excel 未更新，无需重新构建。
[2026/04/26 18:00:01] ========================================
[2026/04/26 18:00:01] NPI Dashboard 自动更新检查
[2026/04/26 18:00:01] Excel 修改时间: 2026/04/24 16:44:26
[2026/04/26 18:00:01] 上次构建时的 Excel 时间: 2026/04/24 16:44:26
[2026/04/26 18:00:01] Excel 未更新，无需重新构建。
[2026/04/27 09:00:01] ========================================
[2026/04/27 09:00:01] NPI Dashboard 自动更新检查
[2026/04/27 09:00:01] Excel 修改时间: 2026/04/27 08:26:47
[2026/04/27 09:00:01] 上次构建时的 Excel 时间: 2026/04/27 08:26:47
[2026/04/27 09:00:01] Excel 未更新，无需重新构建。
[2026/04/27 18:00:01] ========================================
[2026/04/27 18:00:01] NPI Dashboard 自动更新检查
[2026/04/27 18:00:01] Excel 修改时间: 2026/04/27 15:54:01
[2026/04/27 18:00:01] 上次构建时的 Excel 时间: 2026/04/27 08:26:47
[2026/04/27 18:00:01] 检测到 Excel 有更新！开始构建...
[2026/04/27 18:00:01] 正在构建 Dashboard...
[2026/04/27 18:00:02] 构建成功: 完成！双击打开 HTML 即可查看 Dashboard。
[2026/04/27 18:00:02] 正在提交并推送到 GitHub...
[2026/04/27 18:00:05] 推送成功！GitHub Pages 将自动更新。
[2026/04/27 18:00:06] 微信通知发送成功！
[2026/04/27 18:00:06] 已记录 Excel 修改时间: 2026/04/27 15:54:01
[2026/04/28 09:00:01] ========================================
[2026/04/28 09:00:01] NPI Dashboard 自动更新检查
[2026/04/28 09:00:01] Excel 修改时间: 2026/04/27 15:54:01
[2026/04/28 09:00:01] 上次构建时的 Excel 时间: 2026/04/27 15:54:01
[2026/04/28 09:00:01] Excel 未更新，无需重新构建。
[2026/04/28 18:00:01] ========================================
[2026/04/28 18:00:01] NPI Dashboard 自动更新检查
[2026/04/28 18:00:01] Excel 修改时间: 2026/04/28 11:15:24
[2026/04/28 18:00:01] 上次构建时的 Excel 时间: 2026/04/27 15:54:01
[2026/04/28 18:00:01] 检测到 Excel 有更新！开始构建...
[2026/04/28 18:00:01] 正在构建 Dashboard...
[2026/04/28 18:00:02] 构建成功: 完成！双击打开 HTML 即可查看 Dashboard。
[2026/04/28 18:00:02] 正在提交并推送到 GitHub...
[2026/04/28 18:00:05] 推送成功！GitHub Pages 将自动更新。
[2026/04/28 18:00:06] 微信通知发送成功！
[2026/04/28 18:00:06] 已记录 Excel 修改时间: 2026/04/28 11:15:24
[2026/04/29 09:00:01] ========================================
[2026/04/29 09:00:01] NPI Dashboard 自动更新检查
[2026/04/29 09:00:01] Excel 修改时间: 2026/04/29 08:17:34
[2026/04/29 09:00:01] 上次构建时的 Excel 时间: 2026/04/28 11:15:24
[2026/04/29 09:00:01] 检测到 Excel 有更新！开始构建...
[2026/04/29 09:00:01] 正在构建 Dashboard...
[2026/04/29 09:00:02] 构建成功: 完成！双击打开 HTML 即可查看 Dashboard。
[2026/04/29 09:00:02] 正在提交并推送到 GitHub...
[2026/04/29 09:00:05] 推送成功！GitHub Pages 将自动更新。
[2026/04/29 09:00:06] 微信通知发送成功！
[2026/04/29 09:00:06] 已记录 Excel 修改时间: 2026/04/29 08:17:34
[2026/04/29 18:00:02] ========================================
[2026/04/29 18:00:02] NPI Dashboard 自动更新检查
[2026/04/29 18:00:02] Excel 修改时间: 2026/04/29 16:31:15
[2026/04/29 18:00:02] 上次构建时的 Excel 时间: 2026/04/29 08:17:34
[2026/04/29 18:00:02] 检测到 Excel 有更新！开始构建...
[2026/04/29 18:00:02] 正在构建 Dashboard...
[2026/04/29 18:00:06] 构建成功: 完成！双击打开 HTML 即可查看 Dashboard。
[2026/04/29 18:00:06] 正在提交并推送到 GitHub...
[2026/04/29 18:00:08] 推送成功！GitHub Pages 将自动更新。
[2026/04/29 18:00:10] 微信通知发送成功！
[2026/04/29 18:00:10] 已记录 Excel 修改时间: 2026/04/29 16:31:15
[2026/04/30 09:00:02] ========================================
[2026/04/30 09:00:02] NPI Dashboard 自动更新检查
[2026/04/30 09:00:02] Excel 修改时间: 2026/04/29 16:31:15
[2026/04/30 09:00:02] 上次构建时的 Excel 时间: 2026/04/29 16:31:15
[2026/04/30 09:00:02] Excel 未更新，无需重新构建。
[2026/04/30 18:00:02] ========================================
[2026/04/30 18:00:02] NPI Dashboard 自动更新检查
[2026/04/30 18:00:02] Excel 修改时间: 2026/04/29 16:31:15
[2026/04/30 18:00:02] 上次构建时的 Excel 时间: 2026/04/29 16:31:15
[2026/04/30 18:00:02] Excel 未更新，无需重新构建。
[2026/05/01 09:00:02] ========================================
[2026/05/01 09:00:02] NPI Dashboard 自动更新检查
[2026/05/01 09:00:02] Excel 修改时间: 2026/04/29 16:31:15
[2026/05/01 09:00:02] 上次构建时的 Excel 时间: 2026/04/29 16:31:15
[2026/05/01 09:00:02] Excel 未更新，无需重新构建。
[2026/05/01 18:00:02] ========================================
[2026/05/01 18:00:02] NPI Dashboard 自动更新检查
[2026/05/01 18:00:02] Excel 修改时间: 2026/04/29 16:31:15
[2026/05/01 18:00:02] 上次构建时的 Excel 时间: 2026/04/29 16:31:15
[2026/05/01 18:00:02] Excel 未更新，无需重新构建。
[2026/05/02 09:00:02] ========================================
[2026/05/02 09:00:02] NPI Dashboard 自动更新检查
[2026/05/02 09:00:02] Excel 修改时间: 2026/04/29 16:31:15
[2026/05/02 09:00:02] 上次构建时的 Excel 时间: 2026/04/29 16:31:15
[2026/05/02 09:00:02] Excel 未更新，无需重新构建。
[2026/05/02 18:00:02] ========================================
[2026/05/02 18:00:02] NPI Dashboard 自动更新检查
[2026/05/02 18:00:02] Excel 修改时间: 2026/04/29 16:31:15
[2026/05/02 18:00:02] 上次构建时的 Excel 时间: 2026/04/29 16:31:15
[2026/05/02 18:00:02] Excel 未更新，无需重新构建。
[2026/05/03 09:00:02] ========================================
[2026/05/03 09:00:02] NPI Dashboard 自动更新检查
[2026/05/03 09:00:02] Excel 修改时间: 2026/04/29 16:31:15
[2026/05/03 09:00:02] 上次构建时的 Excel 时间: 2026/04/29 16:31:15
[2026/05/03 09:00:02] Excel 未更新，无需重新构建。
[2026/05/03 18:00:01] ========================================
[2026/05/03 18:00:01] NPI Dashboard 自动更新检查
[2026/05/03 18:00:01] Excel 修改时间: 2026/04/29 16:31:15
[2026/05/03 18:00:01] 上次构建时的 Excel 时间: 2026/04/29 16:31:15
[2026/05/03 18:00:01] Excel 未更新，无需重新构建。
[2026/05/04 09:00:02] ========================================
[2026/05/04 09:00:02] NPI Dashboard 自动更新检查
[2026/05/04 09:00:02] Excel 修改时间: 2026/04/29 16:31:15
[2026/05/04 09:00:02] 上次构建时的 Excel 时间: 2026/04/29 16:31:15
[2026/05/04 09:00:02] Excel 未更新，无需重新构建。
[2026/05/04 18:00:01] ========================================
[2026/05/04 18:00:01] NPI Dashboard 自动更新检查
[2026/05/04 18:00:01] Excel 修改时间: 2026/04/29 16:31:15
[2026/05/04 18:00:01] 上次构建时的 Excel 时间: 2026/04/29 16:31:15
[2026/05/04 18:00:01] Excel 未更新，无需重新构建。
[2026/05/05 09:00:02] ========================================
[2026/05/05 09:00:02] NPI Dashboard 自动更新检查
[2026/05/05 09:00:02] Excel 修改时间: 2026/04/29 16:31:15
[2026/05/05 09:00:02] 上次构建时的 Excel 时间: 2026/04/29 16:31:15
[2026/05/05 09:00:02] Excel 未更新，无需重新构建。
[2026/05/05 18:00:01] ========================================
[2026/05/05 18:00:01] NPI Dashboard 自动更新检查
[2026/05/05 18:00:01] Excel 修改时间: 2026/04/29 16:31:15
[2026/05/05 18:00:01] 上次构建时的 Excel 时间: 2026/04/29 16:31:15
[2026/05/05 18:00:01] Excel 未更新，无需重新构建。
[2026/05/06 09:00:01] ========================================
[2026/05/06 09:00:01] NPI Dashboard 自动更新检查
[2026/05/06 09:00:01] Excel 修改时间: 2026/05/06 08:12:28
[2026/05/06 09:00:01] 上次构建时的 Excel 时间: 2026/04/29 16:31:15
[2026/05/06 09:00:01] 检测到 Excel 有更新！开始构建...
[2026/05/06 09:00:01] 正在构建 Dashboard...
[2026/05/06 09:00:02] 构建成功: 完成！双击打开 HTML 即可查看 Dashboard。
[2026/05/06 09:00:02] 正在提交并推送到 GitHub...
[2026/05/06 09:00:05] 推送成功！GitHub Pages 将自动更新。
[2026/05/06 09:00:06] 微信通知发送成功！
[2026/05/06 09:00:06] 已记录 Excel 修改时间: 2026/05/06 08:12:28
[2026/05/06 16:05:52] ========================================
[2026/05/06 16:05:52] NPI Dashboard 自动更新检查
[2026/05/06 16:05:52] Excel 修改时间: 2026/05/06 10:04:12
[2026/05/06 16:05:52] 上次构建时的 Excel 时间: 2026/05/06 08:12:28
[2026/05/06 16:05:52] 检测到 Excel 有更新！开始构建...
[2026/05/06 16:05:52] 正在构建 Dashboard...
[2026/05/06 16:05:52] 构建成功: 完成！双击打开 HTML 即可查看 Dashboard。
[2026/05/06 16:05:52] 正在提交并推送到 GitHub...
[2026/05/06 16:05:55] 推送成功！GitHub Pages 将自动更新。
[2026/05/06 16:05:56] 微信通知发送成功！
[2026/05/06 16:05:56] 已记录 Excel 修改时间: 2026/05/06 10:04:12
[2026/05/06 16:06:14] ========================================
[2026/05/06 16:06:14] NPI Dashboard 自动更新检查
[2026/05/06 16:06:14] Excel 修改时间: 2026/05/06 10:04:12
[2026/05/06 16:06:14] 上次构建时的 Excel 时间: 2026/05/06 10:04:12
[2026/05/06 16:06:14] Excel 未更新，无需重新构建。
[2026/05/06 18:00:01] ========================================
[2026/05/06 18:00:01] NPI Dashboard 自动更新检查
[2026/05/06 18:00:01] Excel 修改时间: 2026/05/06 10:04:12
[2026/05/06 18:00:01] 上次构建时的 Excel 时间: 2026/05/06 10:04:12
[2026/05/06 18:00:01] Excel 未更新，无需重新构建。
[2026/05/07 09:00:01] ========================================
[2026/05/07 09:00:01] NPI Dashboard 自动更新检查
[2026/05/07 09:00:01] Excel 修改时间: 2026/05/07 08:50:51
[2026/05/07 09:00:01] 上次构建时的 Excel 时间: 2026/05/06 10:04:12
[2026/05/07 09:00:01] 检测到 Excel 有更新！开始构建...
[2026/05/07 09:00:01] 正在构建 Dashboard...
[2026/05/07 09:00:02] 构建成功: 完成！双击打开 HTML 即可查看 Dashboard。
[2026/05/07 09:00:02] 正在提交并推送到 GitHub...
[2026/05/07 09:00:05] 推送成功！GitHub Pages 将自动更新。
[2026/05/07 09:00:07] 微信通知发送成功！
[2026/05/07 09:00:07] 已记录 Excel 修改时间: 2026/05/07 08:50:51
[2026/05/07 18:00:01] ========================================
[2026/05/07 18:00:01] NPI Dashboard 自动更新检查
[2026/05/07 18:00:01] Excel 修改时间: 2026/05/07 13:15:59
[2026/05/07 18:00:01] 上次构建时的 Excel 时间: 2026/05/07 08:50:51
[2026/05/07 18:00:01] 检测到 Excel 有更新！开始构建...
[2026/05/07 18:00:01] 正在构建 Dashboard...
[2026/05/07 18:00:02] 构建成功: 完成！双击打开 HTML 即可查看 Dashboard。
[2026/05/07 18:00:02] 正在提交并推送到 GitHub...
[2026/05/07 18:00:06] git push 失败: To https://github.com/kabonka/npi-dashboard.git
 ! [rejected]        main -> main (fetch first)
error: failed to push some refs to 'https://github.com/kabonka/npi-dashboard.git'
hint: Updates were rejected because the remote contains work that you do not
hint: have locally. This is usually caused by another repository pushing to
hint: the same ref. If you want to integrate the remote changes, use
hint: 'git pull' before pushing again.
hint: See the 'Note about fast-forwards' in 'git push --help' for details.
[2026/05/07 18:00:06] 推送失败，Dashboard 已本地更新但未同步到 GitHub。
[2026/05/07 18:00:07] 微信通知发送成功！
[2026/05/07 18:00:07] 已记录 Excel 修改时间: 2026/05/07 13:15:59
[2026/05/08 09:00:01] ========================================
[2026/05/08 09:00:01] NPI Dashboard 自动更新检查
[2026/05/08 09:00:01] Excel 修改时间: 2026/05/08 08:16:22
[2026/05/08 09:00:01] 上次构建时的 Excel 时间: 2026/05/07 13:15:59
[2026/05/08 09:00:01] 检测到 Excel 有更新！开始构建...
[2026/05/08 09:00:01] 正在构建 Dashboard...
[2026/05/08 09:00:01] 构建成功: 完成！双击打开 HTML 即可查看 Dashboard。
[2026/05/08 09:00:01] 正在提交并推送到 GitHub...
[2026/05/08 09:00:03] git push 失败: To https://github.com/kabonka/npi-dashboard.git
 ! [rejected]        main -> main (fetch first)
error: failed to push some refs to 'https://github.com/kabonka/npi-dashboard.git'
hint: Updates were rejected because the remote contains work that you do not
hint: have locally. This is usually caused by another repository pushing to
hint: the same ref. If you want to integrate the remote changes, use
hint: 'git pull' before pushing again.
hint: See the 'Note about fast-forwards' in 'git push --help' for details.
[2026/05/08 09:00:03] 推送失败，Dashboard 已本地更新但未同步到 GitHub。
[2026/05/08 09:00:04] 微信通知发送成功！
[2026/05/08 09:00:04] 已记录 Excel 修改时间: 2026/05/08 08:16:22
[2026/05/08 18:00:01] ========================================
[2026/05/08 18:00:01] NPI Dashboard 自动更新检查
[2026/05/08 18:00:01] Excel 修改时间: 2026/05/08 11:25:16
[2026/05/08 18:00:01] 上次构建时的 Excel 时间: 2026/05/08 08:16:22
[2026/05/08 18:00:01] 检测到 Excel 有更新！开始构建...
[2026/05/08 18:00:01] 正在构建 Dashboard...
[2026/05/08 18:00:01] 构建成功: 完成！双击打开 HTML 即可查看 Dashboard。
[2026/05/08 18:00:01] 正在提交并推送到 GitHub...
[2026/05/08 18:00:03] git push 失败: fatal: unable to access 'https://github.com/kabonka/npi-dashboard.git/': Failed to connect to github.com port 443 via 127.0.0.1 after 2039 ms: Could not connect to server
[2026/05/08 18:00:03] 推送失败，Dashboard 已本地更新但未同步到 GitHub。
[2026/05/08 18:00:05] 微信通知发送成功！
[2026/05/08 18:00:05] 已记录 Excel 修改时间: 2026/05/08 11:25:16
[2026/05/09 09:00:01] ========================================
[2026/05/09 09:00:01] NPI Dashboard 自动更新检查
[2026/05/09 09:00:01] Excel 修改时间: 2026/05/09 08:05:14
[2026/05/09 09:00:01] 上次构建时的 Excel 时间: 2026/05/08 11:25:16
[2026/05/09 09:00:01] 检测到 Excel 有更新！开始构建...
[2026/05/09 09:00:01] 正在构建 Dashboard...
[2026/05/09 09:00:01] 构建成功: 完成！双击打开 HTML 即可查看 Dashboard。
[2026/05/09 09:00:01] 正在提交并推送到 GitHub...
[2026/05/09 09:00:04] 推送成功！GitHub Pages 将自动更新。
[2026/05/09 09:00:06] 微信通知发送成功！
[2026/05/09 09:00:06] 已记录 Excel 修改时间: 2026/05/09 08:05:14
[2026/05/12 08:46:04] ========================================
[2026/05/12 08:46:04] NPI Dashboard 自动更新检查
[2026/05/12 08:46:04] Excel 修改时间: 2026/05/12 08:38:50
[2026/05/12 08:46:04] 上次构建时的 Excel 时间: 2026/05/09 08:05:14
[2026/05/12 08:46:04] 检测到 Excel 有更新！开始构建...
[2026/05/12 08:46:04] 正在构建 Dashboard...
[2026/05/12 08:46:04] 构建成功: 完成！双击打开 HTML 即可查看 Dashboard。
[2026/05/12 08:46:04] 正在提交并推送到 GitHub/Netlify...
[2026/05/12 08:46:07] 推送成功！GitHub Pages 将自动更新。
[2026/05/12 08:46:08] 微信通知发送成功！
[2026/05/12 08:46:08] 已记录 Excel 修改时间: 2026/05/12 08:38:50
[2026/05/12 09:00:01] ========================================
[2026/05/12 09:00:01] NPI Dashboard 自动更新检查
[2026/05/12 09:00:01] Excel 修改时间: 2026/05/12 08:51:44
[2026/05/12 09:00:01] 上次构建时的 Excel 时间: 2026/05/12 08:38:50
[2026/05/12 09:00:01] 检测到 Excel 有更新！开始构建...
[2026/05/12 09:00:01] 正在构建 Dashboard...
[2026/05/12 09:00:01] 构建成功: 完成！双击打开 HTML 即可查看 Dashboard。
[2026/05/12 09:00:01] 正在提交并推送到 GitHub/Netlify...
[2026/05/12 09:00:04] 推送成功！GitHub Pages 将自动更新。
[2026/05/12 09:00:06] 微信通知发送成功！
[2026/05/12 09:00:06] 已记录 Excel 修改时间: 2026/05/12 08:51:44
[2026/05/12 18:00:01] ========================================
[2026/05/12 18:00:01] NPI Dashboard 自动更新检查
[2026/05/12 18:00:01] Excel 修改时间: 2026/05/12 16:31:59
[2026/05/12 18:00:01] 上次构建时的 Excel 时间: 2026/05/12 08:51:44
[2026/05/12 18:00:01] 检测到 Excel 有更新！开始构建...
[2026/05/12 18:00:01] 正在构建 Dashboard...
[2026/05/12 18:00:01] 构建成功: 完成！双击打开 HTML 即可查看 Dashboard。
[2026/05/12 18:00:01] 正在提交并推送到 GitHub Pages...
[2026/05/12 18:00:04] push 被拒绝，尝试 git pull --rebase 后重试...
[2026/05/12 18:00:04] git pull --rebase 也失败: error: cannot pull with rebase: You have unstaged changes.
error: Please commit or stash them.
[2026/05/12 18:00:04] 推送失败，Dashboard 已本地更新但未同步到 GitHub。
[2026/05/12 18:00:05] 微信通知发送成功！
[2026/05/12 18:00:05] 已记录 Excel 修改时间: 2026/05/12 16:31:59
[2026/05/13 09:00:01] ========================================
[2026/05/13 09:00:01] NPI Dashboard 自动更新检查
[2026/05/13 09:00:01] Excel 修改时间: 2026/05/13 08:57:34
[2026/05/13 09:00:01] 上次构建时的 Excel 时间: 2026/05/12 16:31:59
[2026/05/13 09:00:01] 检测到 Excel 有更新！开始构建...
[2026/05/13 09:00:01] 正在构建 Dashboard...
[2026/05/13 09:00:01] 构建成功: 完成！双击打开 HTML 即可查看 Dashboard。
[2026/05/13 09:00:01] 正在提交并推送到 GitHub Pages...
[2026/05/13 09:00:05] 推送成功！GitHub Pages 将自动更新。
[2026/05/13 09:00:06] 微信通知发送成功！
[2026/05/13 09:00:06] 已记录 Excel 修改时间: 2026/05/13 08:57:34
[2026/05/13 18:00:01] ========================================
[2026/05/13 18:00:01] NPI Dashboard 自动更新检查
[2026/05/13 18:00:01] Excel 修改时间: 2026/05/13 08:57:34
[2026/05/13 18:00:01] 上次构建时的 Excel 时间: 2026/05/13 08:57:34
[2026/05/13 18:00:01] Excel 未更新，无需重新构建。
[2026/05/14 09:00:01] ========================================
[2026/05/14 09:00:01] NPI Dashboard 自动更新检查
[2026/05/14 09:00:01] Excel 修改时间: 2026/05/13 08:57:34
[2026/05/14 09:00:01] 上次构建时的 Excel 时间: 2026/05/13 08:57:34
[2026/05/14 09:00:01] Excel 未更新，无需重新构建。
[2026/05/14 18:00:01] ========================================
[2026/05/14 18:00:01] NPI Dashboard 自动更新检查
[2026/05/14 18:00:01] Excel 修改时间: 2026/05/14 17:03:15
[2026/05/14 18:00:01] 上次构建时的 Excel 时间: 2026/05/13 08:57:34
[2026/05/14 18:00:01] 检测到 Excel 有更新！开始构建...
[2026/05/14 18:00:01] 正在构建 Dashboard...
[2026/05/15 09:00:01] ========================================
[2026/05/15 09:00:01] NPI Dashboard 自动更新检查
[2026/05/15 09:00:01] Excel 修改时间: 2026/05/15 07:47:02
[2026/05/15 09:00:01] 上次构建时的 Excel 时间: 2026/05/13 08:57:34
[2026/05/15 09:00:01] 检测到 Excel 有更新！开始构建...
[2026/05/15 09:00:01] 正在构建 Dashboard...
[2026/05/15 18:00:01] ========================================
[2026/05/15 18:00:01] NPI Dashboard 自动更新检查
[2026/05/15 18:00:01] Excel 修改时间: 2026/05/15 07:47:02
[2026/05/15 18:00:01] 上次构建时的 Excel 时间: 2026/05/15 07:47:02
[2026/05/15 18:00:01] Excel 未更新，无需重新构建。
[2026/05/16 09:00:01] ========================================
[2026/05/16 09:00:01] NPI Dashboard 自动更新检查
[2026/05/16 09:00:01] Excel 修改时间: 2026/05/15 07:47:02
[2026/05/16 09:00:01] 上次构建时的 Excel 时间: 2026/05/15 07:47:02
[2026/05/16 09:00:01] Excel 未更新，无需重新构建。
[2026/05/16 18:00:01] ========================================
[2026/05/16 18:00:01] NPI Dashboard 自动更新检查
[2026/05/16 18:00:01] Excel 修改时间: 2026/05/15 07:47:02
[2026/05/16 18:00:01] 上次构建时的 Excel 时间: 2026/05/15 07:47:02
[2026/05/16 18:00:01] Excel 未更新，无需重新构建。
[2026/05/17 09:00:01] ========================================
[2026/05/17 09:00:01] NPI Dashboard 自动更新检查
[2026/05/17 09:00:01] Excel 修改时间: 2026/05/15 07:47:02
[2026/05/17 09:00:01] 上次构建时的 Excel 时间: 2026/05/15 07:47:02
[2026/05/17 09:00:01] Excel 未更新，无需重新构建。
[2026/05/17 18:00:01] ========================================
[2026/05/17 18:00:01] NPI Dashboard 自动更新检查
[2026/05/17 18:00:01] Excel 修改时间: 2026/05/15 07:47:02
[2026/05/17 18:00:01] 上次构建时的 Excel 时间: 2026/05/15 07:47:02
[2026/05/17 18:00:01] Excel 未更新，无需重新构建。
[2026/05/18 09:00:01] ========================================
[2026/05/18 09:00:01] NPI Dashboard 自动更新检查
[2026/05/18 09:00:01] Excel 修改时间: 2026/05/18 07:27:44
[2026/05/18 09:00:01] 上次构建时的 Excel 时间: 2026/05/15 07:47:02
[2026/05/18 09:00:01] 检测到 Excel 有更新！开始构建...
[2026/05/18 09:00:01] 正在构建 Dashboard...
[2026/05/18 09:02:01] 构建超时（超过120秒），可能被网络请求卡住。stdout: 读取 Excel: C:\Users\msipm\Desktop\work\Spec總表.xlsx
共读取 88 条记录
已从 GitHub 获取 83 条记录用于对比
与 GitHub 版本对比，未检测到 MP/Stage 变动
未检测到 MP 日期或 stage 变动
JSON 已保存: C:\npi-dashboard\npi_data.json
HTML 已更新: C:\npi-dashboard\npi_dashboard.html
Excel 已保存: C:\npi-dashboard\npi_dashboard.xlsx
Search HTML 已生成: C:\npi-dashboard\npi_search.html
完成！双击打开 HTML 即可查看 Dashboard。

按 Enter 关闭窗口...
[2026/05/18 09:02:01] 构建失败，终止流程。
[2026/05/18 09:02:02] 微信通知发送成功！
[2026/05/18 18:00:01] ========================================
[2026/05/18 18:00:01] NPI Dashboard 自动更新检查
[2026/05/18 18:00:01] Excel 修改时间: 2026/05/18 17:22:52
[2026/05/18 18:00:01] 上次构建时的 Excel 时间: 2026/05/15 07:47:02
[2026/05/18 18:00:01] 检测到 Excel 有更新！开始构建...
[2026/05/18 18:00:01] 正在构建 Dashboard...
[2026/05/18 18:02:01] 构建超时（超过120秒），可能被网络请求卡住。stdout: 读取 Excel: C:\Users\msipm\Desktop\work\Spec總表.xlsx
共读取 88 条记录
已从 GitHub 获取 83 条记录用于对比
与 GitHub 版本对比，未检测到 MP/Stage 变动
未检测到 MP 日期或 stage 变动
JSON 已保存: C:\npi-dashboard\npi_data.json
HTML 已更新: C:\npi-dashboard\npi_dashboard.html
Excel 已保存: C:\npi-dashboard\npi_dashboard.xlsx
Search HTML 已生成: C:\npi-dashboard\npi_search.html
完成！双击打开 HTML 即可查看 Dashboard。

按 Enter 关闭窗口...
[2026/05/18 18:02:01] 构建失败，终止流程。
[2026/05/18 18:02:02] 微信通知发送成功！
[2026/05/19 09:00:01] ========================================
[2026/05/19 09:00:01] NPI Dashboard 自动更新检查
[2026/05/19 09:00:01] Excel 修改时间: 2026/05/19 08:32:49
[2026/05/19 09:00:01] 上次构建时的 Excel 时间: 2026/05/15 07:47:02
[2026/05/19 09:00:01] 检测到 Excel 有更新！开始构建...
[2026/05/19 09:00:01] 正在构建 Dashboard...
[2026/05/19 09:02:01] 构建超时（超过120秒），可能被网络请求卡住。stdout: 读取 Excel: C:\Users\msipm\Desktop\work\Spec總表.xlsx
共读取 857 条记录
已从 GitHub 获取 818 条记录用于对比
与 GitHub 版本对比，检测到 18 条 MP/Stage 变动
检测到 18 条 MP 变动: 182L(Raider A18 HX A9WIG), 182L(Raider A18 HX A9WJG), 15QL(Cyborg A15 AI+ B3HWGKG), 1824(Raider 18 HX A2WH), 1824(Titan 18 HX Dragon Edition Norse Myth A2XWHG), 182L(Vector A18 HX A9WHG), 182L(Vector A18 HX A9WIG), 2651(Raider 16 Max HX B2WH), 2651(Raider 16 Max HX B2WI), 2651(Raider 16 Max HX B2WJ), 2651(Raider 16  HX B2WH), 2651(Raider 16  HX B2WI), 2652(Rai
[2026/05/19 09:02:01] 构建失败，终止流程。
[2026/05/19 09:02:02] 微信通知发送成功！
[2026/05/19 18:00:01] ========================================
[2026/05/19 18:00:01] NPI Dashboard 自动更新检查
[2026/05/19 18:00:01] Excel 修改时间: 2026/05/19 16:57:16
[2026/05/19 18:00:01] 上次构建时的 Excel 时间: 2026/05/15 07:47:02
[2026/05/19 18:00:01] 检测到 Excel 有更新！开始构建...
[2026/05/19 18:00:01] 正在构建 Dashboard...
[2026/05/19 18:02:01] 构建超时（超过120秒），可能被网络请求卡住。stdout: 读取 Excel: C:\Users\msipm\Desktop\work\Spec總表.xlsx
共读取 871 条记录
已从 GitHub 获取 818 条记录用于对比
与 GitHub 版本对比，检测到 22 条 MP/Stage 变动
检测到 22 条 MP 变动: 182L(Raider A18 HX A9WIG), 182L(Raider A18 HX A9WJG), 15QL(Cyborg A15 AI+ B3HWGKG), 1824(Raider 18 HX A2WH), 1824(Titan 18 HX Dragon Edition Norse Myth A2XWHG), 182L(Vector A18 HX A9WHG), 182L(Vector A18 HX A9WIG), 2651(Raider 16 Max HX B2WH), 2651(Raider 16 Max HX B2WI), 2651(Raider 16 Max HX B2WJ), 2651(Raider 16  HX B2WH), 2651(Raider 16  HX B2WI), 2652(Rai
[2026/05/19 18:02:01] 构建失败，终止流程。
[2026/05/19 18:02:02] 微信通知发送成功！
[2026/05/20 09:00:01] ========================================
[2026/05/20 09:00:01] NPI Dashboard 自动更新检查
[2026/05/20 09:00:01] Excel 修改时间: 2026/05/19 16:57:16
[2026/05/20 09:00:01] 上次构建时的 Excel 时间: 2026/05/15 07:47:02
[2026/05/20 09:00:01] 检测到 Excel 有更新！开始构建...
[2026/05/20 09:00:01] 正在构建 Dashboard...
[2026/05/20 09:02:01] 构建超时（超过120秒），可能被网络请求卡住。stdout: 读取 Excel: C:\Users\msipm\Desktop\work\Spec總表.xlsx
共读取 871 条记录
已从 GitHub 获取 818 条记录用于对比
与 GitHub 版本对比，检测到 22 条 MP/Stage 变动
检测到 22 条 MP 变动: 182L(Raider A18 HX A9WIG), 182L(Raider A18 HX A9WJG), 15QL(Cyborg A15 AI+ B3HWGKG), 1824(Raider 18 HX A2WH), 1824(Titan 18 HX Dragon Edition Norse Myth A2XWHG), 182L(Vector A18 HX A9WHG), 182L(Vector A18 HX A9WIG), 2651(Raider 16 Max HX B2WH), 2651(Raider 16 Max HX B2WI), 2651(Raider 16 Max HX B2WJ), 2651(Raider 16  HX B2WH), 2651(Raider 16  HX B2WI), 2652(Rai
[2026/05/20 09:02:01] 构建失败，终止流程。
[2026/05/20 09:02:02] 微信通知发送成功！
[2026/05/20 18:00:01] ========================================
[2026/05/20 18:00:01] NPI Dashboard 自动更新检查
[2026/05/20 18:00:01] Excel 修改时间: 2026/05/20 13:31:36
[2026/05/20 18:00:01] 上次构建时的 Excel 时间: 2026/05/15 07:47:02
[2026/05/20 18:00:01] 检测到 Excel 有更新！开始构建...
[2026/05/20 18:00:01] 正在构建 Dashboard...
[2026/05/20 18:02:01] 构建超时（超过120秒），可能被网络请求卡住。stdout: 读取 Excel: C:\Users\msipm\Desktop\work\Spec總表.xlsx
共读取 871 条记录
已从 GitHub 获取 832 条记录用于对比
与 GitHub 版本对比，检测到 20 条 MP/Stage 变动
检测到 20 条 MP 变动: 182L(Raider A18 HX A9WIG), 182L(Raider A18 HX A9WJG), 15QL(Cyborg A15 AI+ B3HWGKG), 1824(Raider 18 HX A2WH), 1824(Titan 18 HX Dragon Edition Norse Myth A2XWHG), 182L(Vector A18 HX A9WHG), 182L(Vector A18 HX A9WIG), 2651(Raider 16 Max HX B2WH), 2651(Raider 16 Max HX B2WI), 2651(Raider 16 Max HX B2WJ), 2651(Raider 16  HX B2WH), 2651(Raider 16  HX B2WI), 2652(Rai
[2026/05/20 18:02:01] 构建失败，终止流程。
[2026/05/20 18:02:03] 微信通知发送成功！
[2026/05/21 09:00:01] ========================================
[2026/05/21 09:00:01] NPI Dashboard 自动更新检查
[2026/05/21 09:00:01] Excel 修改时间: 2026/05/21 08:36:18
[2026/05/21 09:00:01] 上次构建时的 Excel 时间: 2026/05/15 07:47:02
[2026/05/21 09:00:01] 检测到 Excel 有更新！开始构建...
[2026/05/21 09:00:01] 正在构建 Dashboard...
[2026/05/21 09:02:01] 构建超时（超过120秒），可能被网络请求卡住。stdout: 读取 Excel: C:\Users\msipm\Desktop\work\Spec總表.xlsx
共读取 880 条记录
已从 GitHub 获取 832 条记录用于对比
与 GitHub 版本对比，检测到 24 条 MP/Stage 变动
检测到 24 条 MP 变动: 182L(Raider A18 HX A9WIG), 182L(Raider A18 HX A9WJG), 15QL(Cyborg A15 AI+ B3HWGKG), 1824(Raider 18 HX A2WH), 1824(Titan 18 HX Dragon Edition Norse Myth A2XWHG), 182L(Vector A18 HX A9WHG), 182L(Vector A18 HX A9WIG), 2651(Raider 16 Max HX B2WH), 2651(Raider 16 Max HX B2WI), 2651(Raider 16 Max HX B2WJ), 2651(Raider 16  HX B2WH), 2651(Raider 16  HX B2WI), 2652(Rai
[2026/05/21 09:02:01] 构建失败，终止流程。
[2026/05/21 09:02:02] 微信通知发送成功！
[2026/05/21 18:00:01] ========================================
[2026/05/21 18:00:01] NPI Dashboard 自动更新检查
[2026/05/21 18:00:01] Excel 修改时间: 2026/05/21 08:36:18
[2026/05/21 18:00:01] 上次构建时的 Excel 时间: 2026/05/15 07:47:02
[2026/05/21 18:00:01] 检测到 Excel 有更新！开始构建...
[2026/05/21 18:00:01] 正在构建 Dashboard...
[2026/05/21 18:02:01] 构建超时（超过120秒），可能被网络请求卡住。stdout: 读取 Excel: C:\Users\msipm\Desktop\work\Spec總表.xlsx
共读取 880 条记录
已从 GitHub 获取 841 条记录用于对比
与 GitHub 版本对比，检测到 20 条 MP/Stage 变动
检测到 20 条 MP 变动: 182L(Raider A18 HX A9WIG), 182L(Raider A18 HX A9WJG), 15QL(Cyborg A15 AI+ B3HWGKG), 1824(Raider 18 HX A2WH), 1824(Titan 18 HX Dragon Edition Norse Myth A2XWHG), 182L(Vector A18 HX A9WHG), 182L(Vector A18 HX A9WIG), 2651(Raider 16 Max HX B2WH), 2651(Raider 16 Max HX B2WI), 2651(Raider 16 Max HX B2WJ), 2651(Raider 16  HX B2WH), 2651(Raider 16  HX B2WI), 2652(Rai
[2026/05/21 18:02:01] 构建失败，终止流程。
[2026/05/21 18:02:02] 微信通知发送成功！
[2026/05/22 09:00:01] ========================================
[2026/05/22 09:00:01] NPI Dashboard 自动更新检查
[2026/05/22 09:00:01] Excel 修改时间: 2026/05/21 08:36:18
[2026/05/22 09:00:01] 上次构建时的 Excel 时间: 2026/05/15 07:47:02
[2026/05/22 09:00:01] 检测到 Excel 有更新！开始构建...
[2026/05/22 09:00:01] 正在构建 Dashboard...
[2026/05/22 18:00:01] ========================================
[2026/05/22 18:00:01] NPI Dashboard 自动更新检查
[2026/05/22 18:00:01] Excel 修改时间: 2026/05/22 16:57:26
[2026/05/22 18:00:01] 上次构建时的 Excel 时间: 2026/05/15 07:47:02
[2026/05/22 18:00:01] 检测到 Excel 有更新！开始构建...
[2026/05/22 18:00:01] 正在构建 Dashboard...
[2026/05/22 18:02:01] 构建超时（超过120秒），可能被网络请求卡住。stdout: 读取 Excel: C:\Users\msipm\Desktop\work\Spec總表.xlsx
共读取 883 条记录
已从 GitHub 获取 844 条记录用于对比
与 GitHub 版本对比，检测到 20 条 MP/Stage 变动
检测到 20 条 MP 变动: 182L(Raider A18 HX A9WIG), 182L(Raider A18 HX A9WJG), 15QL(Cyborg A15 AI+ B3HWGKG), 1824(Raider 18 HX A2WH), 1824(Titan 18 HX Dragon Edition Norse Myth A2XWHG), 182L(Vector A18 HX A9WHG), 182L(Vector A18 HX A9WIG), 2651(Raider 16 Max HX B2WH), 2651(Raider 16 Max HX B2WI), 2651(Raider 16 Max HX B2WJ), 2651(Raider 16  HX B2WH), 2651(Raider 16  HX B2WI), 2652(Rai
[2026/05/22 18:02:01] 构建失败，终止流程。
[2026/05/22 18:02:02] 微信通知发送成功！
[2026/05/23 09:00:01] ========================================
[2026/05/23 09:00:01] NPI Dashboard 自动更新检查
[2026/05/23 09:00:01] Excel 修改时间: 2026/05/22 16:57:26
[2026/05/23 09:00:01] 上次构建时的 Excel 时间: 2026/05/15 07:47:02
[2026/05/23 09:00:01] 检测到 Excel 有更新！开始构建...
[2026/05/23 09:00:01] 正在构建 Dashboard...
[2026/05/23 09:02:01] 构建超时（超过120秒），可能被网络请求卡住。stdout: 读取 Excel: C:\Users\msipm\Desktop\work\Spec總表.xlsx
共读取 883 条记录
已从 GitHub 获取 844 条记录用于对比
与 GitHub 版本对比，检测到 20 条 MP/Stage 变动
检测到 20 条 MP 变动: 182L(Raider A18 HX A9WIG), 182L(Raider A18 HX A9WJG), 15QL(Cyborg A15 AI+ B3HWGKG), 1824(Raider 18 HX A2WH), 1824(Titan 18 HX Dragon Edition Norse Myth A2XWHG), 182L(Vector A18 HX A9WHG), 182L(Vector A18 HX A9WIG), 2651(Raider 16 Max HX B2WH), 2651(Raider 16 Max HX B2WI), 2651(Raider 16 Max HX B2WJ), 2651(Raider 16  HX B2WH), 2651(Raider 16  HX B2WI), 2652(Rai
[2026/05/23 09:02:01] 构建失败，终止流程。
[2026/05/23 09:02:02] 微信通知发送成功！
[2026/05/23 18:00:01] ========================================
[2026/05/23 18:00:01] NPI Dashboard 自动更新检查
[2026/05/23 18:00:01] Excel 修改时间: 2026/05/22 16:57:26
[2026/05/23 18:00:01] 上次构建时的 Excel 时间: 2026/05/15 07:47:02
[2026/05/23 18:00:01] 检测到 Excel 有更新！开始构建...
[2026/05/23 18:00:01] 正在构建 Dashboard...
[2026/05/23 18:02:01] 构建超时（超过120秒），可能被网络请求卡住。stdout: 读取 Excel: C:\Users\msipm\Desktop\work\Spec總表.xlsx
共读取 883 条记录
已从 GitHub 获取 844 条记录用于对比
与 GitHub 版本对比，检测到 20 条 MP/Stage 变动
检测到 20 条 MP 变动: 182L(Raider A18 HX A9WIG), 182L(Raider A18 HX A9WJG), 15QL(Cyborg A15 AI+ B3HWGKG), 1824(Raider 18 HX A2WH), 1824(Titan 18 HX Dragon Edition Norse Myth A2XWHG), 182L(Vector A18 HX A9WHG), 182L(Vector A18 HX A9WIG), 2651(Raider 16 Max HX B2WH), 2651(Raider 16 Max HX B2WI), 2651(Raider 16 Max HX B2WJ), 2651(Raider 16  HX B2WH), 2651(Raider 16  HX B2WI), 2652(Rai
[2026/05/23 18:02:01] 构建失败，终止流程。
[2026/05/23 18:02:03] 微信通知发送成功！
[2026/05/24 09:00:01] ========================================
[2026/05/24 09:00:01] NPI Dashboard 自动更新检查
[2026/05/24 09:00:01] Excel 修改时间: 2026/05/22 16:57:26
[2026/05/24 09:00:01] 上次构建时的 Excel 时间: 2026/05/15 07:47:02
[2026/05/24 09:00:01] 检测到 Excel 有更新！开始构建...
[2026/05/24 09:00:01] 正在构建 Dashboard...
[2026/05/24 09:02:01] 构建超时（超过120秒），可能被网络请求卡住。stdout: 读取 Excel: C:\Users\msipm\Desktop\work\Spec總表.xlsx
共读取 883 条记录
已从 GitHub 获取 844 条记录用于对比
与 GitHub 版本对比，检测到 20 条 MP/Stage 变动
检测到 20 条 MP 变动: 182L(Raider A18 HX A9WIG), 182L(Raider A18 HX A9WJG), 15QL(Cyborg A15 AI+ B3HWGKG), 1824(Raider 18 HX A2WH), 1824(Titan 18 HX Dragon Edition Norse Myth A2XWHG), 182L(Vector A18 HX A9WHG), 182L(Vector A18 HX A9WIG), 2651(Raider 16 Max HX B2WH), 2651(Raider 16 Max HX B2WI), 2651(Raider 16 Max HX B2WJ), 2651(Raider 16  HX B2WH), 2651(Raider 16  HX B2WI), 2652(Rai
[2026/05/24 09:02:01] 构建失败，终止流程。
[2026/05/24 09:02:02] 微信通知发送成功！
[2026/05/24 18:00:01] ========================================
[2026/05/24 18:00:01] NPI Dashboard 自动更新检查
[2026/05/24 18:00:01] Excel 修改时间: 2026/05/22 16:57:26
[2026/05/24 18:00:01] 上次构建时的 Excel 时间: 2026/05/15 07:47:02
[2026/05/24 18:00:01] 检测到 Excel 有更新！开始构建...
[2026/05/24 18:00:01] 正在构建 Dashboard...
[2026/05/24 18:02:01] 构建超时（超过120秒），可能被网络请求卡住。stdout: 读取 Excel: C:\Users\msipm\Desktop\work\Spec總表.xlsx
共读取 883 条记录
已从 GitHub 获取 844 条记录用于对比
与 GitHub 版本对比，检测到 20 条 MP/Stage 变动
检测到 20 条 MP 变动: 182L(Raider A18 HX A9WIG), 182L(Raider A18 HX A9WJG), 15QL(Cyborg A15 AI+ B3HWGKG), 1824(Raider 18 HX A2WH), 1824(Titan 18 HX Dragon Edition Norse Myth A2XWHG), 182L(Vector A18 HX A9WHG), 182L(Vector A18 HX A9WIG), 2651(Raider 16 Max HX B2WH), 2651(Raider 16 Max HX B2WI), 2651(Raider 16 Max HX B2WJ), 2651(Raider 16  HX B2WH), 2651(Raider 16  HX B2WI), 2652(Rai
[2026/05/24 18:02:01] 构建失败，终止流程。
[2026/05/24 18:02:03] 微信通知发送成功！
[2026/05/25 09:00:02] ========================================
[2026/05/25 09:00:02] NPI Dashboard 自动更新检查
[2026/05/25 09:00:02] Excel 修改时间: 2026/05/22 16:57:26
[2026/05/25 09:00:02] 上次构建时的 Excel 时间: 2026/05/15 07:47:02
[2026/05/25 09:00:02] 检测到 Excel 有更新！开始构建...
[2026/05/25 09:00:02] 正在构建 Dashboard...
[2026/05/25 09:02:02] 构建超时（超过120秒），可能被网络请求卡住。stdout: 读取 Excel: C:\Users\msipm\Desktop\work\Spec總表.xlsx
共读取 883 条记录
已从 GitHub 获取 844 条记录用于对比
与 GitHub 版本对比，检测到 20 条 MP/Stage 变动
检测到 20 条 MP 变动: 182L(Raider A18 HX A9WIG), 182L(Raider A18 HX A9WJG), 15QL(Cyborg A15 AI+ B3HWGKG), 1824(Raider 18 HX A2WH), 1824(Titan 18 HX Dragon Edition Norse Myth A2XWHG), 182L(Vector A18 HX A9WHG), 182L(Vector A18 HX A9WIG), 2651(Raider 16 Max HX B2WH), 2651(Raider 16 Max HX B2WI), 2651(Raider 16 Max HX B2WJ), 2651(Raider 16  HX B2WH), 2651(Raider 16  HX B2WI), 2652(Rai
[2026/05/25 09:02:02] 构建失败，终止流程。
[2026/05/25 09:02:03] 微信通知发送成功！
[2026/05/25 18:00:01] ========================================
[2026/05/25 18:00:01] NPI Dashboard 自动更新检查
[2026/05/25 18:00:01] Excel 修改时间: 2026/05/25 16:07:54
[2026/05/25 18:00:01] 上次构建时的 Excel 时间: 2026/05/15 07:47:02
[2026/05/25 18:00:01] 检测到 Excel 有更新！开始构建...
[2026/05/25 18:00:01] 正在构建 Dashboard...
[2026/05/25 18:02:01] 构建超时（超过120秒），可能被网络请求卡住。stdout: 读取 Excel: C:\Users\msipm\Desktop\work\Spec總表.xlsx
共读取 883 条记录
已从 GitHub 获取 883 条记录用于对比
与 GitHub 版本对比，未检测到 MP/Stage 变动
未检测到 MP 日期或 stage 变动
JSON 已保存: C:\npi-dashboard\npi_data.json
HTML 已更新: C:\npi-dashboard\npi_dashboard.html
Excel 已保存: C:\npi-dashboard\npi_dashboard.xlsx
Search HTML 已生成: C:\npi-dashboard\npi_search.html
完成！双击打开 HTML 即可查看 Dashboard。

按 Enter 关闭窗口...
[2026/05/25 18:02:01] 构建失败，终止流程。
[2026/05/25 18:02:02] 微信通知发送成功！
[2026/05/26 09:00:02] ========================================
[2026/05/26 09:00:02] NPI Dashboard 自动更新检查
[2026/05/26 09:00:02] Excel 修改时间: 2026/05/25 16:07:54
[2026/05/26 09:00:02] 上次构建时的 Excel 时间: 2026/05/15 07:47:02
[2026/05/26 09:00:02] 检测到 Excel 有更新！开始构建...
[2026/05/26 09:00:02] 正在构建 Dashboard...
[2026/05/26 09:02:02] 构建超时（超过120秒），可能被网络请求卡住。stdout: 读取 Excel: C:\Users\msipm\Desktop\work\Spec總表.xlsx
共读取 883 条记录
已从 GitHub 获取 883 条记录用于对比
与 GitHub 版本对比，未检测到 MP/Stage 变动
未检测到 MP 日期或 stage 变动
JSON 已保存: C:\npi-dashboard\npi_data.json
HTML 已更新: C:\npi-dashboard\npi_dashboard.html
Excel 已保存: C:\npi-dashboard\npi_dashboard.xlsx
Search HTML 已生成: C:\npi-dashboard\npi_search.html
完成！双击打开 HTML 即可查看 Dashboard。

按 Enter 关闭窗口...
[2026/05/26 09:02:02] 构建失败，终止流程。
[2026/05/26 09:02:03] 微信通知发送成功！
[2026/05/26 18:00:01] ========================================
[2026/05/26 18:00:01] NPI Dashboard 自动更新检查
[2026/05/26 18:00:01] Excel 修改时间: 2026/05/25 16:07:54
[2026/05/26 18:00:01] 上次构建时的 Excel 时间: 2026/05/15 07:47:02
[2026/05/26 18:00:01] 检测到 Excel 有更新！开始构建...
[2026/05/26 18:00:01] 正在构建 Dashboard...
[2026/05/26 18:02:01] 构建超时（超过120秒），可能被网络请求卡住。stdout: 读取 Excel: C:\Users\msipm\Desktop\work\Spec總表.xlsx
共读取 883 条记录
已从 GitHub 获取 883 条记录用于对比
与 GitHub 版本对比，未检测到 MP/Stage 变动
未检测到 MP 日期或 stage 变动
JSON 已保存: C:\npi-dashboard\npi_data.json
HTML 已更新: C:\npi-dashboard\npi_dashboard.html
Excel 已保存: C:\npi-dashboard\npi_dashboard.xlsx
Search HTML 已生成: C:\npi-dashboard\npi_search.html
完成！双击打开 HTML 即可查看 Dashboard。

按 Enter 关闭窗口...
[2026/05/26 18:02:01] 构建失败，终止流程。
[2026/05/26 18:02:02] 微信通知发送成功！
[2026/05/27 09:00:02] ========================================
[2026/05/27 09:00:02] NPI Dashboard 自动更新检查
[2026/05/27 09:00:02] Excel 修改时间: 2026/05/25 16:07:54
[2026/05/27 09:00:02] 上次构建时的 Excel 时间: 2026/05/15 07:47:02
[2026/05/27 09:00:02] 检测到 Excel 有更新！开始构建...
[2026/05/27 09:00:02] 正在构建 Dashboard...
[2026/05/27 09:02:02] 构建超时（超过120秒），可能被网络请求卡住。stdout: 读取 Excel: C:\Users\msipm\Desktop\work\Spec總表.xlsx
共读取 883 条记录
已从 GitHub 获取 883 条记录用于对比
与 GitHub 版本对比，未检测到 MP/Stage 变动
未检测到 MP 日期或 stage 变动
JSON 已保存: C:\npi-dashboard\npi_data.json
HTML 已更新: C:\npi-dashboard\npi_dashboard.html
Excel 已保存: C:\npi-dashboard\npi_dashboard.xlsx
Search HTML 已生成: C:\npi-dashboard\npi_search.html
完成！双击打开 HTML 即可查看 Dashboard。

按 Enter 关闭窗口...
[2026/05/27 09:02:02] 构建失败，终止流程。
[2026/05/27 09:02:03] 微信通知发送成功！
[2026/05/27 18:00:01] ========================================
[2026/05/27 18:00:01] NPI Dashboard 自动更新检查
[2026/05/27 18:00:01] Excel 修改时间: 2026/05/25 16:07:54
[2026/05/27 18:00:01] 上次构建时的 Excel 时间: 2026/05/15 07:47:02
[2026/05/27 18:00:01] 检测到 Excel 有更新！开始构建...
[2026/05/27 18:00:01] 正在构建 Dashboard...
[2026/05/27 18:02:01] 构建超时（超过120秒），可能被网络请求卡住。stdout: 读取 Excel: C:\Users\msipm\Desktop\work\Spec總表.xlsx
共读取 883 条记录
已从 GitHub 获取 883 条记录用于对比
与 GitHub 版本对比，未检测到 MP/Stage 变动
未检测到 MP 日期或 stage 变动
JSON 已保存: C:\npi-dashboard\npi_data.json
HTML 已更新: C:\npi-dashboard\npi_dashboard.html
Excel 已保存: C:\npi-dashboard\npi_dashboard.xlsx
Search HTML 已生成: C:\npi-dashboard\npi_search.html
完成！双击打开 HTML 即可查看 Dashboard。

按 Enter 关闭窗口...
[2026/05/27 18:02:01] 构建失败，终止流程。
[2026/05/27 18:02:02] 微信通知发送成功！
[2026/05/28 09:00:02] ========================================
[2026/05/28 09:00:02] NPI Dashboard 自动更新检查
[2026/05/28 09:00:02] Excel 修改时间: 2026/05/28 08:21:16
[2026/05/28 09:00:02] 上次构建时的 Excel 时间: 2026/05/15 07:47:02
[2026/05/28 09:00:02] 检测到 Excel 有更新！开始构建...
[2026/05/28 09:00:02] 正在构建 Dashboard...
[2026/05/28 09:02:02] 构建超时（超过120秒），可能被网络请求卡住。stdout: 读取 Excel: C:\Users\msipm\Desktop\work\Spec總表.xlsx
共读取 883 条记录
已从 GitHub 获取 883 条记录用于对比
与 GitHub 版本对比，未检测到 MP 变动
未检测到 MP 日期或 stage 变动
JSON 已保存: C:\npi-dashboard\npi_data.json
HTML 已更新: C:\npi-dashboard\npi_dashboard.html
Excel 已保存: C:\npi-dashboard\npi_dashboard.xlsx
Search HTML 已生成: C:\npi-dashboard\npi_search.html
完成！双击打开 HTML 即可查看 Dashboard。

按 Enter 关闭窗口...
[2026/05/28 09:02:02] 构建失败，终止流程。
[2026/05/28 09:02:03] 微信通知发送成功！
[2026/05/28 18:00:01] ========================================
[2026/05/28 18:00:01] NPI Dashboard 自动更新检查
[2026/05/28 18:00:01] Excel 修改时间: 2026/05/28 17:01:44
[2026/05/28 18:00:01] 上次构建时的 Excel 时间: 2026/05/15 07:47:02
[2026/05/28 18:00:01] 检测到 Excel 有更新！开始构建...
[2026/05/28 18:00:01] 正在构建 Dashboard...
[2026/05/28 18:02:01] 构建超时（超过120秒），可能被网络请求卡住。stdout: 读取 Excel: C:\Users\msipm\Desktop\work\Spec總表.xlsx
共读取 883 条记录
已从 GitHub 获取 883 条记录用于对比
与 GitHub 版本对比，未检测到 MP 变动
未检测到 MP 日期或 stage 变动
JSON 已保存: C:\npi-dashboard\npi_data.json
HTML 已更新: C:\npi-dashboard\npi_dashboard.html
Excel 已保存: C:\npi-dashboard\npi_dashboard.xlsx
Excel 过滤后记录数: 81 / 总 883
Search HTML 已生成: C:\npi-dashboard\npi_search.html
完成！双击打开 HTML 即可查看 Dashboard。

按 Enter 关闭窗口...
[2026/05/28 18:02:01] 构建失败，终止流程。
[2026/05/28 18:02:01] 未配置 Server酱 SendKey，跳过微信通知。
[2026/05/29 09:00:02] ========================================
[2026/05/29 09:00:02] NPI Dashboard 自动更新检查
[2026/05/29 09:00:02] Excel 修改时间: 2026/05/29 08:21:18
[2026/05/29 09:00:02] 上次构建时的 Excel 时间: 2026/05/15 07:47:02
[2026/05/29 09:00:02] 检测到 Excel 有更新！开始构建...
[2026/05/29 09:00:02] 正在构建 Dashboard...
[2026/05/29 09:02:02] 构建超时（超过120秒），可能被网络请求卡住。stdout: 读取 Excel: C:\Users\msipm\Desktop\work\Spec總表.xlsx
共读取 883 条记录
已从 GitHub 获取 883 条记录用于对比
与 GitHub 版本对比，未检测到 MP 变动
未检测到 MP 日期或 stage 变动
JSON 已保存: C:\npi-dashboard\npi_data.json
HTML 已更新: C:\npi-dashboard\npi_dashboard.html
Excel 已保存: C:\npi-dashboard\npi_dashboard.xlsx
Excel 过滤后记录数: 85 / 总 883
Search HTML 已生成: C:\npi-dashboard\npi_search.html
完成！双击打开 HTML 即可查看 Dashboard。

按 Enter 关闭窗口...
[2026/05/29 09:02:02] 构建失败，终止流程。
[2026/05/29 09:02:02] 未配置 Server酱 SendKey，跳过微信通知。
[2026/05/29 18:00:01] ========================================
[2026/05/29 18:00:01] NPI Dashboard 自动更新检查
[2026/05/29 18:00:01] Excel 修改时间: 2026/05/29 14:25:00
[2026/05/29 18:00:01] 上次构建时的 Excel 时间: 2026/05/15 07:47:02
[2026/05/29 18:00:01] 检测到 Excel 有更新！开始构建...
[2026/05/29 18:00:01] 正在构建 Dashboard...
[2026/05/29 18:02:01] 构建超时（超过120秒），可能被网络请求卡住。stdout: 读取 Excel: C:\Users\msipm\Desktop\work\Spec總表.xlsx
共读取 883 条记录
已从 GitHub 获取 883 条记录用于对比
与 GitHub 版本对比，未检测到 MP 变动
未检测到 MP 日期或 stage 变动
JSON 已保存: C:\npi-dashboard\npi_data.json
HTML 已更新: C:\npi-dashboard\npi_dashboard.html
Excel 已保存: C:\npi-dashboard\npi_dashboard.xlsx
Excel 过滤后记录数: 85 / 总 883
Search HTML 已生成: C:\npi-dashboard\npi_search.html
完成！双击打开 HTML 即可查看 Dashboard。

按 Enter 关闭窗口...
[2026/05/29 18:02:01] 构建失败，终止流程。
[2026/05/29 18:02:01] 未配置 Server酱 SendKey，跳过微信通知。
[2026/05/30 09:00:02] ========================================
[2026/05/30 09:00:02] NPI Dashboard 自动更新检查
[2026/05/30 09:00:02] Excel 修改时间: 2026/05/29 14:25:00
[2026/05/30 09:00:02] 上次构建时的 Excel 时间: 2026/05/15 07:47:02
[2026/05/30 09:00:02] 检测到 Excel 有更新！开始构建...
[2026/05/30 09:00:02] 正在构建 Dashboard...
[2026/05/30 09:02:02] 构建超时（超过120秒），可能被网络请求卡住。stdout: 读取 Excel: C:\Users\msipm\Desktop\work\Spec總表.xlsx
共读取 883 条记录
已从 GitHub 获取 883 条记录用于对比
与 GitHub 版本对比，未检测到 MP 变动
未检测到 MP 日期或 stage 变动
JSON 已保存: C:\npi-dashboard\npi_data.json
HTML 已更新: C:\npi-dashboard\npi_dashboard.html
Excel 已保存: C:\npi-dashboard\npi_dashboard.xlsx
Excel 过滤后记录数: 85 / 总 883
Search HTML 已生成: C:\npi-dashboard\npi_search.html
完成！双击打开 HTML 即可查看 Dashboard。

按 Enter 关闭窗口...
[2026/05/30 09:02:02] 构建失败，终止流程。
[2026/05/30 09:02:02] 未配置 Server酱 SendKey，跳过微信通知。
[2026/05/30 18:00:01] ========================================
[2026/05/30 18:00:01] NPI Dashboard 自动更新检查
[2026/05/30 18:00:01] Excel 修改时间: 2026/05/29 14:25:00
[2026/05/30 18:00:01] 上次构建时的 Excel 时间: 2026/05/15 07:47:02
[2026/05/30 18:00:01] 检测到 Excel 有更新！开始构建...
[2026/05/30 18:00:01] 正在构建 Dashboard...
[2026/05/30 18:02:01] 构建超时（超过120秒），可能被网络请求卡住。stdout: 读取 Excel: C:\Users\msipm\Desktop\work\Spec總表.xlsx
共读取 883 条记录
已从 GitHub 获取 883 条记录用于对比
与 GitHub 版本对比，未检测到 MP 变动
未检测到 MP 日期或 stage 变动
JSON 已保存: C:\npi-dashboard\npi_data.json
HTML 已更新: C:\npi-dashboard\npi_dashboard.html
Excel 已保存: C:\npi-dashboard\npi_dashboard.xlsx
Excel 过滤后记录数: 85 / 总 883
Search HTML 已生成: C:\npi-dashboard\npi_search.html
完成！双击打开 HTML 即可查看 Dashboard。

按 Enter 关闭窗口...
[2026/05/30 18:02:01] 构建失败，终止流程。
[2026/05/30 18:02:01] 未配置 Server酱 SendKey，跳过微信通知。
[2026/06/01 09:00:01] ========================================
[2026/06/01 09:00:01] NPI Dashboard 自动更新检查
[2026/06/01 09:00:01] Excel 修改时间: 2026/05/29 14:25:00
[2026/06/01 09:00:01] 上次构建时的 Excel 时间: 2026/05/15 07:47:02
[2026/06/01 09:00:01] 检测到 Excel 有更新！开始构建...
[2026/06/01 09:00:01] 正在构建 Dashboard...
[2026/06/01 09:02:01] 构建超时（超过120秒），可能被网络请求卡住。stdout: 读取 Excel: C:\Users\msipm\Desktop\work\Spec總表.xlsx
共读取 883 条记录
已从 GitHub 获取 883 条记录用于对比
与 GitHub 版本对比，未检测到 MP 变动
未检测到 MP 日期或 stage 变动
JSON 已保存: C:\npi-dashboard\npi_data.json
HTML 已更新: C:\npi-dashboard\npi_dashboard.html
Excel 已保存: C:\npi-dashboard\npi_dashboard.xlsx
Excel 过滤后记录数: 85 / 总 883
Search HTML 已生成: C:\npi-dashboard\npi_search.html
完成！双击打开 HTML 即可查看 Dashboard。

按 Enter 关闭窗口...
[2026/06/01 09:02:01] 构建失败，终止流程。
[2026/06/01 09:02:01] 未配置 Server酱 SendKey，跳过微信通知。
[2026/06/01 18:00:01] ========================================
[2026/06/01 18:00:01] NPI Dashboard 自动更新检查
[2026/06/01 18:00:01] Excel 修改时间: 2026/06/01 09:23:17
[2026/06/01 18:00:01] 上次构建时的 Excel 时间: 2026/05/15 07:47:02
[2026/06/01 18:00:01] 检测到 Excel 有更新！开始构建...
[2026/06/01 18:00:01] 正在构建 Dashboard...
[2026/06/01 18:02:01] 构建超时（超过120秒），可能被网络请求卡住。stdout: 读取 Excel: C:\Users\msipm\Desktop\work\Spec總表.xlsx
共读取 885 条记录
已从 GitHub 获取 885 条记录用于对比
与 GitHub 版本对比，未检测到 MP 变动
未检测到 MP 日期或 stage 变动
JSON 已保存: C:\npi-dashboard\npi_data.json
HTML 已更新: C:\npi-dashboard\npi_dashboard.html
Excel 已保存: C:\npi-dashboard\npi_dashboard.xlsx
Excel 过滤后记录数: 87 / 总 885
Search HTML 已生成: C:\npi-dashboard\npi_search.html
完成！双击打开 HTML 即可查看 Dashboard。

按 Enter 关闭窗口...
[2026/06/01 18:02:01] 构建失败，终止流程。
[2026/06/01 18:02:01] 未配置 Server酱 SendKey，跳过微信通知。
[2026/06/02 09:00:01] ========================================
[2026/06/02 09:00:01] NPI Dashboard 自动更新检查
[2026/06/02 09:00:01] Excel 修改时间: 2026/06/02 08:16:56
[2026/06/02 09:00:01] 上次构建时的 Excel 时间: 2026/05/15 07:47:02
[2026/06/02 09:00:01] 检测到 Excel 有更新！开始构建...
[2026/06/02 09:00:01] 正在构建 Dashboard...
[2026/06/02 18:00:01] ========================================
[2026/06/02 18:00:01] NPI Dashboard 自动更新检查
[2026/06/02 18:00:01] Excel 修改时间: 2026/06/02 08:16:56
[2026/06/02 18:00:01] 上次构建时的 Excel 时间: 2026/05/15 07:47:02
[2026/06/02 18:00:01] 检测到 Excel 有更新！开始构建...
[2026/06/02 18:00:01] 正在构建 Dashboard...
[2026/06/02 18:02:01] 构建超时（超过120秒），可能被网络请求卡住。stdout: 读取 Excel: C:\Users\msipm\Desktop\work\Spec總表.xlsx
共读取 885 条记录
已从 GitHub 获取 885 条记录用于对比
与 GitHub 版本对比，未检测到 MP 变动
未检测到 MP 日期或 stage 变动
JSON 已保存: C:\npi-dashboard\npi_data.json
HTML 已更新: C:\npi-dashboard\npi_dashboard.html
Excel 已保存: C:\npi-dashboard\npi_dashboard.xlsx
Excel 过滤后记录数: 86 / 总 885
Search HTML 已生成: C:\npi-dashboard\npi_search.html
完成！双击打开 HTML 即可查看 Dashboard。

按 Enter 关闭窗口...
[2026/06/02 18:02:01] 构建失败，终止流程。
[2026/06/02 18:02:01] 未配置 Server酱 SendKey，跳过微信通知。
[2026/06/03 09:00:01] ========================================
[2026/06/03 09:00:01] NPI Dashboard 自动更新检查
[2026/06/03 09:00:01] Excel 修改时间: 2026/06/03 08:16:21
[2026/06/03 09:00:01] 上次构建时的 Excel 时间: 2026/05/15 07:47:02
[2026/06/03 09:00:01] 检测到 Excel 有更新！开始构建...
[2026/06/03 09:00:01] 正在构建 Dashboard...
[2026/06/03 18:00:01] ========================================
[2026/06/03 18:00:01] NPI Dashboard 自动更新检查
[2026/06/03 18:00:01] Excel 修改时间: 2026/06/03 08:16:21
[2026/06/03 18:00:01] 上次构建时的 Excel 时间: 2026/05/15 07:47:02
[2026/06/03 18:00:01] 检测到 Excel 有更新！开始构建...
[2026/06/03 18:00:01] 正在构建 Dashboard...
[2026/06/03 18:02:01] 构建超时（超过120秒），可能被网络请求卡住。stdout: 读取 Excel: C:\Users\msipm\Desktop\work\Spec總表.xlsx
共读取 885 条记录
已从 GitHub 获取 885 条记录用于对比
与 GitHub 版本对比，未检测到 MP 变动
未检测到 MP 日期或 stage 变动
JSON 已保存: C:\npi-dashboard\npi_data.json
HTML 已更新: C:\npi-dashboard\npi_dashboard.html
Excel 已保存: C:\npi-dashboard\npi_dashboard.xlsx
Excel 过滤后记录数: 86 / 总 885
Search HTML 已生成: C:\npi-dashboard\npi_search.html
完成！双击打开 HTML 即可查看 Dashboard。

按 Enter 关闭窗口...
[2026/06/03 18:02:01] 构建失败，终止流程。
[2026/06/03 18:02:01] 未配置 Server酱 SendKey，跳过微信通知。
[2026/06/04 09:00:01] ========================================
[2026/06/04 09:00:01] NPI Dashboard 自动更新检查
[2026/06/04 09:00:01] Excel 修改时间: 2026/06/03 08:16:21
[2026/06/04 09:00:01] 上次构建时的 Excel 时间: 2026/05/15 07:47:02
[2026/06/04 09:00:01] 检测到 Excel 有更新！开始构建...
[2026/06/04 09:00:01] 正在构建 Dashboard...
[2026/06/04 09:02:01] 构建超时（超过120秒），可能被网络请求卡住。stdout: 读取 Excel: C:\Users\msipm\Desktop\work\Spec總表.xlsx
共读取 885 条记录
已从 GitHub 获取 885 条记录用于对比
与 GitHub 版本对比，未检测到 MP 变动
未检测到 MP 日期或 stage 变动
JSON 已保存: C:\npi-dashboard\npi_data.json
HTML 已更新: C:\npi-dashboard\npi_dashboard.html
Excel 已保存: C:\npi-dashboard\npi_dashboard.xlsx
Excel 过滤后记录数: 86 / 总 885
Search HTML 已生成: C:\npi-dashboard\npi_search.html
完成！双击打开 HTML 即可查看 Dashboard。

按 Enter 关闭窗口...
[2026/06/04 09:02:01] 构建失败，终止流程。
[2026/06/04 09:02:01] 未配置 Server酱 SendKey，跳过微信通知。
[2026/06/04 18:00:01] ========================================
[2026/06/04 18:00:01] NPI Dashboard 自动更新检查
[2026/06/04 18:00:01] Excel 修改时间: 2026/06/04 16:51:49
[2026/06/04 18:00:01] 上次构建时的 Excel 时间: 2026/05/15 07:47:02
[2026/06/04 18:00:01] 检测到 Excel 有更新！开始构建...
[2026/06/04 18:00:01] 正在构建 Dashboard...
[2026/06/04 18:02:01] 构建超时（超过120秒），可能被网络请求卡住。stdout: 读取 Excel: C:\Users\msipm\Desktop\work\Spec總表.xlsx
共读取 887 条记录
已从 GitHub 获取 887 条记录用于对比
与 GitHub 版本对比，未检测到 MP 变动
未检测到 MP 日期或 stage 变动
JSON 已保存: C:\npi-dashboard\npi_data.json
HTML 已更新: C:\npi-dashboard\npi_dashboard.html
Excel 已保存: C:\npi-dashboard\npi_dashboard.xlsx
Excel 过滤后记录数: 82 / 总 887
Search HTML 已生成: C:\npi-dashboard\npi_search.html
完成！双击打开 HTML 即可查看 Dashboard。

按 Enter 关闭窗口...
[2026/06/04 18:02:01] 构建失败，终止流程。
[2026/06/04 18:02:01] 未配置 Server酱 SendKey，跳过微信通知。
[2026/06/05 09:00:01] ========================================
[2026/06/05 09:00:01] NPI Dashboard 自动更新检查
[2026/06/05 09:00:01] Excel 修改时间: 2026/06/05 08:09:49
[2026/06/05 09:00:01] 上次构建时的 Excel 时间: 2026/05/15 07:47:02
[2026/06/05 09:00:01] 检测到 Excel 有更新！开始构建...
[2026/06/05 09:00:01] 正在构建 Dashboard...
[2026/06/05 09:02:01] 构建超时（超过120秒），可能被网络请求卡住。stdout: 读取 Excel: C:\Users\msipm\Desktop\work\Spec總表.xlsx
共读取 887 条记录
已从 GitHub 获取 887 条记录用于对比
与 GitHub 版本对比，未检测到 MP 变动
未检测到 MP 日期或 stage 变动
JSON 已保存: C:\npi-dashboard\npi_data.json
HTML 已更新: C:\npi-dashboard\npi_dashboard.html
Excel 已保存: C:\npi-dashboard\npi_dashboard.xlsx
Excel 过滤后记录数: 82 / 总 887
Search HTML 已生成: C:\npi-dashboard\npi_search.html
完成！双击打开 HTML 即可查看 Dashboard。

按 Enter 关闭窗口...
[2026/06/05 09:02:01] 构建失败，终止流程。
[2026/06/05 09:02:01] 未配置 Server酱 SendKey，跳过微信通知。
